
> site-creator-vinext-starter@0.1.0 build
> vinext build


  vinext build  (Vite 8.0.13)

(node:2993) [DEP0205] DeprecationWarning: `module.register()` is deprecated. Use `module.registerHooks()` instead.
(Use `node --trace-deprecation ...` to show where the warning was created)
[1/5] analyze client references...
[2Ktransforming...✓ 273 modules transformed.
rendering chunks...
✓ built in 591ms
[2/5] analyze server references...
[2Ktransforming...✓ 290 modules transformed.
rendering chunks...
✓ built in 254ms
[3/5] build rsc environment...
[2Ktransforming...✓ 270 modules transformed.
rendering chunks...
computing gzip size...
✓ built in 487ms
[4/5] build client environment...
[2Ktransforming...✓ 2103 modules transformed.
rendering chunks...
computing gzip size...
✓ built in 1.04s
[5/5] build ssr environment...
[2Ktransforming...✓ 292 modules transformed.
rendering chunks...
computing gzip size...
✓ built in 467ms
[0m
  Route (app)
  ┌ ? /         
  ├ ƒ /:slug+   
  └ λ /api/store

  λ API  ƒ Dynamic  ? Unknown

  ? Some routes could not be classified. vinext currently uses static analysis
    and cannot detect dynamic API usage (headers(), cookies(), etc.) at build time.
    Automatic classification will be improved in a future release.

  Build complete. Run `vinext start` to start the production server.

